apple
orange
orange
apple
peach
peach

apple
apple
orange
orange
peach
peach

apple
orange
peach
