СССР ...версию причин распада эСэСэС+эР. в связи с...
СССР ...боровшийся с разрушителями эСэСэС+эР. предлагаемая им информация...
СССР ...понять причины крушения эСэСэС+эР. и обеспокоен продолжением...
СССР ...позволили ему демонтировать эСэСэС+эР. Когда он превратил...
СССР ...Мы пережили крах эСэСэС+эР. который Запад поначалу...
СССР ...за что боролся эСэСэС+эР. Он боролся за...
ТВ ...на участие в ТэВ+э. проектах коль скоро...
МГУ ...дипломом факультет журналистики эМГэУ. им Ломоносова Шеф...
ТВ ...Шеф редактор множества ТэВ+э. проектов на разных...
ТВ ...моем выходе на ТэВ+э. выходе регулярном раз...
ТВ ...Группа включает РЕН ТэВ+э. Первый канал Пятый...
НТВ ...Гусинский основал телеканалы эНТэВ+э. ТНТ был соучредителем...
РГГУ ...журналистики Института массмедиа эРГэГэУ. ведущий ряда программ...
КПРФ ...Материалы круглого стола КаПээР+эФ. Правда декабря http...
ТВ ...мире насекомых начальники ТэВ+э. и национальные лидеры...
РИА ...по правам человека эРИИА+А. Новости http ria...
ГУЛАГи ...Возникают соответствующие страны ГэУэЛААГэи. А Троицкий рок...
СССР ...рок музыки в эСэСэС+эР. Член жюри и...
ГУЛАГ ...желании в единый ГэУэЛААГ+э. можно превратить всё...
ГУЛАГе ...как оказаться в ГэУэЛААГэе. и во время...
СССР ...года после убийства эСэСэС+эР. В условиях пронзительной...
ОБСЕ ...Резолюция парламентской ассамблеи ООБээСЕ. О воссоединении разделенной...
ОБСЕ ...свобод в регионе ООБээСЕ. в XXI веке...
ВШЭ ...мировой политики НИУ ВэШЭ. Передача Суд времени...
РФ ...десоветизации большинства населения эР+эФ. Вдруг оказалось что...
ЦК ...Став Генеральным секретарем ЦэК+а. КаПээС+эС. Горбачев получил...
КПСС ...Генеральным секретарем ЦэК+а. КаПээС+эС. Горбачев получил возможность...
СССР ...работу против ненавистного эСэСэС+эР. Конечно же роль...
ЦК ...в качестве Генсека ЦэК+а. КаПээС+эС. имел огромный...
КПСС ...качестве Генсека ЦэК+а. КаПээС+эС. имел огромный потенциал...
ООН ...членов Совета Безопасности ОООО+эН. Между прочим кем...
РФ ...конструкцию под названием эР+эФ. Какой у нас...
ВШЭ ...школы экономики ГУ ВэШЭ. Член Общественной палаты...
РФ ...Член Общественной палаты эР+эФ. Президент Всероссийского союза...
США ...Запада то бишь эСША+А. И тут сходство...
ОБСЕ ...с затаскиванием войск ООБээСЕ. на наш Северный...
КПРФ ...для победы над КаПээР+эФ. опять же главным...
МВД ...Чего стоит реформа эМВэД+э. Типичное гобрачевское сочетание...
КПСС ...было сосредоточено на КаПээС+эС. Теперь на Единой...
РПЦ ...Единой России и эРПэЦ+э. Пятнадцатый горбик борьба...
РСФСР ...Распутин предложивший выход эРэСэФэС+эР. из эСэСэС+эР. что...
СССР ...выход эРэСэФэС+эР. из эСэСэС+эР. что и было...
США ...арабская весна Восхваляемая эСША+А. турбулентность Глобальное пробуждение...
НАТО ...военного блока блока эНААТэО+О. Ливию оккупировали Каддафи...
НАТО ...с помощью авиации эНААТэО+О. и вторжение уже...
США ...были полностью парализованы эСША+А. Чаще всего в...
ГКЧП ...года Пресс конференция ГэКаЧэП+э. Слева направо Б...
КПСС ...с концептуального разгрома КаПээС+эС. за счет выдвижения...
КПСС ...цивилизацию Вдумайтесь генсек КаПээС+эС. говорит о том...
СССР ...о том что эСэСэС+эР. только сейчас при...
СССР ...октября года Ленинград эСэСэС+эР. советский и российский...
ВКПБ ...коммунистической партии большевиков ВэКаПэБ+э. источн Википедия прим...
КПСС ...кто сопротивляется разгрому КаПээС+эС. Затем началась расправа...
КПСС ...скажутся на власти КаПээС+эС. Но когда сам...
СССР ...ю статью Конституции эСэСэС+эР. о руководящей и...
КПСС ...и направляющей роли КаПээС+эС. глаза открылись у...
СССР ...Съезд народных депутатов эСэСэС+эР. не отменит ю...
КПСС ...столько то от КаПээС+эС. А ну как...
КПСС ...Московскому городскому комитету КаПээС+эС. было поручено по...
КПСС ...об отстаивании власти КаПээС+эС. И ведь собрали...
КПСС ...решение самого генсека КаПээС+эС. Не рассуждать Мы...
КПСС ...Горбачев Генеральный секретарь КаПээС+эС. помогает собирать митинги...
КПСС ...движение отдельно от КаПээС+эС. противопоставить перестроечным толпам...
СССР ...граждан готовых отстаивать эСэСэС+эР. и на митингах...
МГК ...Политбюро первый секретарь эМГэК+а. КаПээС+эС. Юрий Прокофьев...
КПСС ...первый секретарь эМГэК+а. КаПээС+эС. Юрий Прокофьев человек...
КПСС ...в решающий момент КаПээС+эС. не решилась дать...
КПСС ...патриотический гражданский отпор КаПээС+эС. понадеялась на силовые...
ГКЧП ...разобщенности противодействующего измене ГэКаЧэП+э. не получают адекватного...
КПСС ...о подавлении измены КаПээС+эС. стала противодействовать измене...
КПСС ...свою оценку произошедшего КаПээС+эС. своим разгромом обрекла...
СССР ...Съезд народных депутатов эСэСэС+эР. катастрофически подорвала возможности...
РСФСР ...Съезда народных депутатов эРэСэФэС+эР. погрузила в кому...
СССР ...дышащий на ладан эСэСэС+эР. и сформировала весьма...
КПСС ...эпоху конфронтацию с КаПээС+эС. а именно этого...
РПЦ ...это нападение на эРПэЦ+э. во многом аналогичное...
РПЦ ...мученикам советским ценностям эРПэЦ+э. понимает что тот...
РПЦ ...Как может защититься эРПэЦ+э. Она может а...
КПСС ...Эмомали Рахмонов Разгром КаПээС+эС. и ее запрет...
ГКЧП ...допросы по делу ГэКаЧэП+э. несмотря на то...
КПСС ...в перестроечную эпоху КаПээС+эС. уже не было...
ФНС ...многих ибо в эФэН+эС. входили и русские...
ГКЧП ...посвященном победе над ГэКаЧэП+э. Хасбулатов был талантливым...
ФНС ...уличные вожаки из эФэН+эС. говорили о ста...
ЦК ...или Генеральный секретарь ЦэК+а. КаПээС+эС. Юрий Владимирович...
КПСС ...Генеральный секретарь ЦэК+а. КаПээС+эС. Юрий Владимирович Андропов...
РИА ...Владимирович Андропов Фото эРИИА+А. Новости Уже не...
СССР ...в той части эСэСэС+эР. где наиболее активно...
СССР ...любой сценарий развития эСэСэС+эР. кроме чересчур опасного...
СССР ...еще большего расширения эСэСэС+эР. При этом восточно...
СССР ...так боялся слияния эСэСэС+эР. с коммунистическим Китаем...
СССР ...является вариант вхождения эСэСэС+эР. в Европу При...
ГДР ...всего конечно же ГэДэ+эР. Но и не...
СССР ...Европу потребует возврата эСэСэС+эР. на капиталистический путь...
СССР ...путь отделения от эСэСэС+эР. избыточно азиатских окраин...
США ...российско европейского государства эСША+А. сильно ослабнут или...
СССР ...В том реальном эСэСэС+эР. который мое поколение...
КГБ ...была возложена на КаГэБ+э. эСэСэС+эР. Разумеется наряду...
СССР ...возложена на КаГэБ+э. эСэСэС+эР. Разумеется наряду с...
КГБ ...огромного и многопрофильного КаГэБ+э. специализированного управления по...
КГБ ...был являться руководитель КаГэБ+э. эСэСэС+эР. А правой...
СССР ...являться руководитель КаГэБ+э. эСэСэС+эР. А правой рукой...
КГБ ...долгу службы шеф КаГэБ+э. и руководитель управления...
КГБ ...к чему Шефа КаГэБ+э. и начальника управления...
СССР ...из Генеральных конструкторов эСэСэС+эР. специалист по системам...
КПСС ...знаком лично Член КаПээС+эС. исключался восстановлен в...
КПСС ...к очередному съезду КаПээС+эС. обращались академики В...
СССР ...тремя академиками АН эСэСэС+эР. В М Глушковым...
США ...ряда современных философов эСША+А. Канады Финляндии и...
СССР ...оптимальный для подрыва эСэСэС+эР. вариант работы с...
МГРИ ...мне секретарь парткома эМГээРИ+И. поясняя что мой...
ЦК ...нем и в ЦэК+а. ВээЛКаэС+эМ. он занимает...
ВЛКСМ ...и в ЦэК+а. ВээЛКаэС+эМ. он занимает не...
КГБ ...К лично Председатель КаГэБ+э. эСэСэС+эР. Юрий Владимирович...
СССР ...лично Председатель КаГэБ+э. эСэСэС+эР. Юрий Владимирович Андропов...
КГБ ...начальник го управления КаГэБ+э. эСэСэС+эР. Филипп Денисович...
СССР ...го управления КаГэБ+э. эСэСэС+эР. Филипп Денисович Бобков...
СССР ...органов государственной безопасности эСэСэС+эР. участник Великой Отечественной...
КГБ ...Начальник го управления КаГэБ+э. эСэСэС+эР. заместитель председателя...
СССР ...го управления КаГэБ+э. эСэСэС+эР. заместитель председателя КаГэБ+э....
КГБ ...эСэСэС+эР. заместитель председателя КаГэБ+э. эСэСэС+эР. первый заместитель...
СССР ...заместитель председателя КаГэБ+э. эСэСэС+эР. первый заместитель председателя...
КГБ ...первый заместитель председателя КаГэБ+э. эСэСэС+эР. Генерал армии...
СССР ...заместитель председателя КаГэБ+э. эСэСэС+эР. Генерал армии Депутат...
РСФСР ...Депутат Верховного Совета эРэСэФэС+эР. созыва Народный депутат...
РСФСР ...созыва Народный депутат эРэСэФэС+эР. в годах Член...
ЦК ...в годах Член ЦэК+а. КаПээС+эС. в годах...
КПСС ...годах Член ЦэК+а. КаПээС+эС. в годах доп...
НТВ ...и бывшим руководителем эНТэВ+э. Владимиром Гусинским Шаг...
НТВ ...печально то что эНТэВ+э. было самым оголтелым...
НТВ ...как именно освещало эНТэВ+э. наши действия в...
КГБ ...Владимир Крючков руководивший КаГэБ+э. эСэСэС+эР. при Горбачеве...
СССР ...Крючков руководивший КаГэБ+э. эСэСэС+эР. при Горбачеве и...
ГКЧП ...своим участием в ГэКаЧэП+э. снял Филиппа Бобкова...
КГБ ...с решением коллегии КаГэБ+э. эСэСэС+эР. Никогда не...
СССР ...решением коллегии КаГэБ+э. эСэСэС+эР. Никогда не считал...
КГБ ...на посту Председателя КаГэБ+э. эСэСэС+эР. Благодаря кому...
СССР ...посту Председателя КаГэБ+э. эСэСэС+эР. Благодаря кому Андропов...
РСФСР ...империя мая Москва эРэСэФэС+эР. эСэСэС+эР. финский российский...
СССР ...мая Москва эРэСэФэС+эР. эСэСэС+эР. финский российский и...
СССР ...академик Академии наук эСэСэС+эР. всеобщая история премьер...
ССР ...Совета Карело Финской эСэС+эР. в годах Герой...
ССР ...в Карело Финской эСэС+эР. Это один из...
СССР ...включение некоего обрубка эСэСэС+эР. в Европу причем...
СССР ...капиталистического обрубка бывшего эСэСэС+эР. Причем европеизация неслыханная...
СССР ...капитализации модернизации уничтожаемого эСэСэС+эР. Кто в рамках...
СССР ...намерение войти в эСэСэС+эР. а наоборот советская...
СССР ...советская спецноменклатура уничтожая эСэСэС+эР. хочет ввести его...
СССР ...структурами на территории эСэСэС+эР. Наладив связи с...
СССР ...находящихся на территории эСэСэС+эР. К становится ядром...
КГБ ...ни было могущество КаГэБ+э. Восьмое Между тем...
КГБ ...Между тем могущество КаГэБ+э. велико но не...
КГБ ...А в самом КаГэБ+э. Андропов всего лишь...
КГБ ...руководства Понимая значение КаГэБ+э. он организует бдительный...
США ...Девятое Могут ли эСША+А. не знать про...
США ...узнав о К эСША+А. не могут не...
США ...же потому что эСША+А. не могут допустить...
ЦК ...кому апеллировать К ЦэК+а. КаПээС+эС. Но он...
КПСС ...апеллировать К ЦэК+а. КаПээС+эС. Но он уже...
КГБ ...он уже боится КаГэБ+э. Возникла идея прямого...
ЦК ...всего прочего член ЦэК+а. КаПээС+эС. пишет роман...
КПСС ...прочего член ЦэК+а. КаПээС+эС. пишет роман Чего...
СССР ...после В посетил эСэСэС+эР. в рамках Всемирного...
МГУ ...поступил в аспирантуру эМГэУ. научный руководитель А...
СССР ...инициативе по демонтажу эСэСэС+эР. ускоренной капиталистической трансформации...
СССР ...и волевой руководитель эСэСэС+эР. а послушная К...
КГБ ...только к элите КаГэБ+э. а не к...
КГБ ...а не к КаГэБ+э. как таковому Рамочное...
КГБ ...фактически всю элиту КаГэБ+э. за исключением людей...
КГБ ...единое К элита КаГэБ+э. сразу же превратила...
РФ ...заслуженный деятель науки эР+эФ. главный редактор журнала...
СССР ...действительным членом АН эСэСэС+эР. долго занимавшимся биологией...
США ...того как в эСША+А. президентом стал Клинтон...
НИИ ...В научный сотрудник эНИИИ+И. Минобороны эСэСэС+эР. в...
СССР ...сотрудник эНИИИ+И. Минобороны эСэСэС+эР. в Калинине народный...
СССР ...Калинине народный депутат эСэСэС+эР. Скоков оказался незаменимым...
РСФСР ...совета при Президенте эРэСэФэС+эР. С сентября года...
РСФСР ...года Государственный советник эРэСэФэС+эР. сентября года апреля...
РСФСР ...года помощник Президента эРэСэФэС+эР. по вопросам создания...
РСФСР ...системы Совета безопасности эРэСэФэС+эР. В году его...
РФ ...конфликт с президентом эР+эФ. отказавшись завизировать проект...
РФ ...действовавшей тогда Конституции эР+эФ. приостановку деятельности Верховного...
РФ ...деятельности Верховного Совета эР+эФ. В результате был...
РФ ...секретаря Совета Безопасности эР+эФ. В октябре года...
США ...таки немцы противодействие эСША+А. сближению Европы и...
США ...с вице президентом эСША+А. Гором Зюганов еще...
ФНС ...своим соратникам по эФэН+эС. И сполна воспользовался...
США ...детище вице президента эСША+А. Альберта Гора Всё...
КГБ ...Третьего главного управления КаГэБ+э. эСэСэС+эР. контр адмирал...
СССР ...главного управления КаГэБ+э. эСэСэС+эР. контр адмирал Жардецкий...
СССР ...еврейских эмигрантов из эСэСэС+эР. с эСША+А. на...
США ...из эСэСэС+эР. с эСША+А. на Израиль в...
ОАО ...предприниматель генеральный директор ООААО+О. Тишинка с года...
КГБ ...Третьего главного управления КаГэБ+э. эСэСэС+эР. Таким субъектом...
СССР ...главного управления КаГэБ+э. эСэСэС+эР. Таким субъектом могла...
СССР ...ареста укрывшись в эСэСэС+эР. Но Бобков этому...
ФСБ ...ему главе московской эФэСБ+э. Евгению Севастьянову приехали...
СССР ...сотрудник государственной безопасности эСэСэС+эР. начальник охраны Бориса...
США ...своеобразное ответвление Демпартии эСША+А. и либеральных масонских...
США ...также отделения Демпартии эСША+А. взял на себя...
США ...с Республиканской партией эСША+А. с так называемыми...
ФСБ ...его соратнику директору эФэСБ+э. Михаилу Барсукову Он...
РИА ...бывший главный редактор эРИИА+А. Новости Сергей Зверев...
ЗАО ...преседателъ Совета директоров ЗААО+О. КРОС Комитет развития...
РФ ...Лубянки не президенты эР+эФ. Не иноземцы из...
СССР ...К великодержавность сталинского эСэСэС+эР. была некоей умеренной...
СССР ...К великодержавный сталинский эСэСэС+эР. был квинтэссенцией коммунистического...
СССР ...Сложившаяся на обломках эСэСэС+эР. ельцинская политическая система...
США ...и прежде всего эСША+А. возвращением коммунистов к...
КПСС ...секретаря Свердловского обкома КаПээС+эС. первого секретаря эМГэК+а....
МГК ...КаПээС+эС. первого секретаря эМГэК+а. КаПээС+эС. кандидата в...
КПСС ...первого секретаря эМГэК+а. КаПээС+эС. кандидата в члены...
КПРФ ...пор мы рассматривали КаПээР+эФ. как изолированное явление...
КПРФ ...единицы под названием КаПээР+эФ. не по принципу...
РФ ...А если и эР+эФ. придется делить на...
США ...теледебаты в году эСША+А. Кандидаты слева направо...
США ...бросил все силы эСША+А. на поддержку ельцинского...
США ...ноября года президентом эСША+А. был избран Билл...
США ...со стороны Демпартии эСША+А. Сразу после выборов...
США ...и неслыханно обогащает эСША+А. и Запад в...
США ...совокупной мощью спецслужб эСША+А. всем экономическим и...
США ...решили главную задачу эСША+А. уничтожение эСэСэС+эР. как...
СССР ...задачу эСША+А. уничтожение эСэСэС+эР. как основного геополитического...
СССР ...светлое воспоминание об эСэСэС+эР. любое свидетельство о...
СССР ...каком либо преимуществе эСэСэС+эР. над тем что...
СССР ...сделавших для развала эСэСэС+эР. никогда не рассчитывавших...
СССР ...супердержавы под названием эСэСэС+эР. Я уже сказал...
ЦРУ ...семьи Бушей директору ЦээРУ. при Буше старшем...
ЦРУ ...серьезные позиции в ЦээРУ. и работавшие на...
США ...американский навещал в эСША+А. своего конфидента Строба...
США ...спал будущий президент эСША+А. Знаешь кто именно...
США ...до выборов в эСША+А. говорит о том...
США ...работала в посольстве эСША+А. в Москве Эта...
США ...ее отозвали в эСША+А. Мидовец был потрясен...
США ...ее отозвали в эСША+А. на следующий день...
СССР ...перестройка Горбачев разрушает эСэСэС+эР. и высвобождает эР+эФ....
РФ ...эСэСэС+эР. и высвобождает эР+эФ. Потом постперестройка Ельцин...
РФ ...постперестройка Ельцин опускает эР+эФ. на дно А...
РФ ...авторитарную модернизацию поднимает эР+эФ. со дна Члены...
КГБ ...К Члены Коллегии КаГэБ+э. эСэСэС+эР. г Стоят...
СССР ...Члены Коллегии КаГэБ+э. эСэСэС+эР. г Стоят слева...
СССР ...России никакого восстановления эСэСэС+эР. даже частичного категорически...
РФ ...добить гадину разорвав эР+эФ. на максимально мелкие...
СССР ...иным вариантам восстановления эСэСэС+эР. Ибо как тогда...
СССР ...вопрос о восстановлении эСэСэС+эР. на определяется стратегией...
СССР ...характер Ведь в эСэСэС+эР. отсутствовали зачатки будущего...
СССР ...капиталистического накопления В эСэСэС+эР. место всего этого...
СССР ...мастеров культуры восхвалявших эСэСэС+эР. и клявшихся в...
РФ ...и Верховный Совет эР+эФ. Но даже за...
ЦРУ ...шестерки коллективного агента ЦээРУ. Уолл стрит Моссада...
СССР ...без яростного отвержения эСэСэС+эР. как не может...
РСФСР ...Съезда народных депутатов эРэСэФэС+эР. будучи победой над...
РАО ...профессор действительный член эРААО+О. Автор открытия Т...
США ...степени отвечает интересам эСША+А. нежели предлагаемое Тэлботом...
РФ ...другими медленное разложение эР+эФ. неминуемое в случае...
СССР ...обновленный и улучшенный эСэСэС+эР. На самом деле...
СССР ...расчленении не только эСэСэС+эР. но эРэСэФэС+эР. то...
РСФСР ...только эСэСэС+эР. но эРэСэФэС+эР. то есть об...
ГКЧП ...чего не сделало ГэКаЧэП+э. Они сумели добиться...
ГКЧП ...внятности Во время ГэКаЧэП+э. граждане Советского Союза...
СССР ...Съезд народных депутатов эСэСэС+эР. Почему Ельцин не...
ГКЧП ...на улицы а ГэКаЧэП+э. своих сторонников не...
КПСС ...мобилизует Какова позиция КаПээС+эС. в целом и...
МГК ...в целом и эМГэК+а. КаПээС+эС. имеющего свой...
КПСС ...целом и эМГэК+а. КаПээС+эС. имеющего свой актив...
ГКЧП ...По вопросу о ГэКаЧэП+э. таких ответов не...
СССР ...не вышли поддержать эСэСэС+эР. трагично Но объяснимо...
РСФСР ...Да большинство граждан эРэСэФэС+эР. выбрали на демократических...
СССР ...республик входящих в эСэСэС+эР. И было ли...
ФСБ ...бывший глава ельцинской эФэСБ+э. перешедший на сторону...
РСФСР ...министр внутренних дел эРэСэФэС+эР. последний министр внутренних...
СССР ...министр внутренних дел эСэСэС+эР. министр безопасности эР+эФ....
РФ ...эСэСэС+эР. министр безопасности эР+эФ. второй российский генерал...
ВВ ...назначения ОБОН ЦРК ВэВ+э. эМВэД+э. России Перестройка...
МВД ...ОБОН ЦРК ВэВ+э. эМВэД+э. России Перестройка прокатившаяся...
СССР ...в г Правительством эСэСэС+эР. было принято решение...
ВВ ...Софрино учебного полка ВэВ+э. эМВэД+э. эСэСэС+эР. декабря...
МВД ...учебного полка ВэВ+э. эМВэД+э. эСэСэС+эР. декабря года...
СССР ...полка ВэВ+э. эМВэД+э. эСэСэС+эР. декабря года молодые...
РСФСР ...находился Совет министров эРэСэФэС+эР. Это по определению...
РСФСР ...в здании Совмин эРэСэФэС+эР. должен был держать...
СССР ...октября года Враги эСэСэС+эР. любили апеллировать к...
ОМОН ...Защитники Дома Советов ООэМОО+эН. сосредотачивается Фото ИА...
ОМОН ...у Дома Советов ООэМОО+эН. готовится отражать атаку...
ОМОНа ...площади прорвавшие оцепление ООэМООэНа. у Крымского моста...
РИА ...Фото Игорь Михалев эРИИА+А. Новости Сторонники Верховного...
РФ ...Сторонники Верховного Совета эР+эФ. на митинге у...
РФ ...у Дома Советов эР+эФ. Фото Владимир Федоренко...
РИА ...Фото Владимир Федоренко эРИИА+А. Новости Путь к...
МВД ...Останкино Бойцы спецназа эМВэД+э. Витязь в здании...
РИА ...Фото Владимир Вяткин эРИИА+А. Новости Колонна танков...
РИА ...Фото Юрий Заритовский эРИИА+А. Новости Защитники Дома...
ЛДПР ...в декабре завоевала эЛДэПэ+эР. Жириновского Но второе...
КПРФ ...место завоевала зюгановская КаПээР+эФ. Вскоре после расстрела...
КПРФ ...входивший в руководство КаПээР+эФ. и сказал что...
КПРФ ...избираться по спискам КаПээР+эФ. Ученый четко изложил...
КПРФ ...от меня руководство КаПээР+эФ. коль скоро я...
КПРФ ...в адрес руководства КаПээР+эФ. и прежде всего...
КПРФ ...войти в список КаПээР+эФ. прежде всего из...
ФНС ...числе прочих руководителей эФэН+эС. призвал граждан России...
РСФСР ...Ельцина на Конституцию эРэСэФэС+эР. Какое то число...
РСФСР ...того чтобы Конституция эРэСэФэС+эР. действовала Чтобы ее...
КПРФ ...не вступлю в КаПээР+эФ. и не буду...
ЦЭМИ ...пригласил меня в ЦэЭэМИ+И. на встречу Зюганова...
КПРФ ...меня ученым от КаПээР+эФ. Ну предположим что...
КПРФ ...есть частью проклинаемого КаПээР+эФ. ельцинизма Он заявил...
КПРФ ...объяснения в любви КаПээР+эФ. теряла электорат Зюганов...
США ...известно вице президентом эСША+А. Альбертом Гором являющуюся...
КПРФ ...и своего электората КаПээР+эФ. не избрала нового...
КПРФ ...и оппортунизм Напротив КаПээР+эФ. всячески поддержала Зюганова...
КПРФ ...Зюганова А электорат КаПээР+эФ. Он проявил ту...
США ...не создавая для эСША+А. военных рисков принося...
США ...военных рисков принося эСША+А. гигантские доходы не...
КПРФ ...став депутатом от КаПээР+эФ. отпрыгнул от меня...
КПРФ ...анализ теоретических ошибок КаПээР+эФ. Не личных ошибок...
СССР ...есть доброе царство эСэСэС+эР. И мы воины...
КГБ ...отношение с шефом КаГэБ+э. Андроповым и руководимой...
СССР ...воинов готовых защищать эСэСэС+эР. и коммунизм так...
КПСС ...подлинных воинов Членами КаПээС+эС. в году были...
СССР ...убежденных людей преданных эСэСэС+эР. и делу коммунизма...
КГБ ...настраивали не в КаГэБ+э. а в партийном...
КГБ ...капли крови А КаГэБ+э. Не маленькая элитная...
ЦК ...завербовали большинство членов ЦэК+а. И потому ни...
КПСС ...делегатов XXVIII съезда КаПээС+эС. Факт предательства Горбачева...
СССР ...съездах народных депутатов эСэСэС+эР. Американцы завербовали сотни...
КГБ ...К Конечно у КаГэБ+э. работающего почти бесконтрольно...
ЦРУ ...больше чем у ЦээРУ. работающего на чужой...
КГБ ...разговор то кроме КаГэБ+э. армии КаПээС+эС. и...
КПСС ...кроме КаГэБ+э. армии КаПээС+эС. и прочих наиважнейших...
РСФСР ...в году президентом эРэСэФэС+эР. не недостаток организованности...
ГКЧП ...отличие от членов ГэКаЧэП+э. и законодательно были...
СССР ...чего породила крах эСэСэС+эР. уничтожение советско коммунистического...
СССР ...мотивов отказа Мао эСэСэС+эР. был лидером мирового...
ЦРУ ...очевидное чем козни ЦээРУ. ЦээРУ. стараясь сокрушить...
ЦРУ ...чем козни ЦээРУ. ЦээРУ. стараясь сокрушить эСэСэС+эР....
СССР ...ЦээРУ. стараясь сокрушить эСэСэС+эР. исполняло свой долг...
КГБ ...вот что делал КаГэБ+э. Почему он не...
США ...только не сокрушил эСША+А. но напротив в...
СССР ...поработал на разрушение эСэСэС+эР. с такой мощью...
ЦРУ ...могло их достославное ЦээРУ. Да очень важно...
СССР ...граждан проживавших в эСэСэС+эР. не существует сам...
КПСС ...настроя Да и КаПээС+эС. вдохновитель и организатор...
СССР ...было бы ни эСэСэС+эР. ни победы в...
СССР ...Красный проект народам эСэСэС+эР. Прежде всего русскому...
СССР ...И все народы эСэСэС+эР. и русский народ...
СССР ...искренне хочет помочь эСэСэС+эР. мировой коммунистической системе...
СССР ...член Академии наук эСэСэС+эР. C года директор...
СССР ...Лауреат Государственной премии эСэСэС+эР. посмертно В одних...
СССР ...было петь когда эСэСэС+эР. громил нацизм А...
СССР ...Это обретение воссозданным эСэСэС+эР. принципиально нового качества...
СССР ...принципиально нового качества эСэСэС+эР. И это восстановление...
СССР ...ценнейшее приобретение для эСэСэС+эР. Но он христианин...
СССР ...как иначе если эСэСэС+эР. утверждает в зоне...
США ...атеистическое безбожие Поддерживаемые эСША+А. исламисты уничтожали коммунистов...
КПСС ...исламского мира А КаПээС+эС. Она ахала охала...
СССР ...с диктаторами предлагавшими эСэСэС+эР. дружить против американцев...
СССР ...отчаявшись получить от эСэСэС+эР. внятное идеологическое послание...
СССР ...с другой еврокоммунисты эСэСэС+эР. переставал быть Красным...
КПСС ...ли в распоряжении КаПээС+эС. механизм оказания братской...
КПСС ...вторых могла ли КаПээС+эС. высасывать все соки...
США ...возможности могли предоставить эСША+А. местным гориллам А...
КПСС ...что могла предоставить КаПээС+эС. своим ставленникам Что...
КПСС ...предоставить своим ставленникам КаПээС+эС. если высшее руководство...
СССР ...если высшее руководство эСэСэС+эР. имело очень скромные...
КПСС ...А потом Потом КаПээС+эС. снимает со своей...
КПСС ...американцы легковесы а КаПээС+эС. тяжеловесы На территории...
КПСС ...наоборот И вот КаПээС+эС. зачем то принимает...
КПСС ...территорию на которой КаПээС+эС. заведомо слабее противника...
КПСС ...Даже если бы КаПээС+эС. переходя на территорию...
США ...раз больше чем эСША+А. притом что эСША+А....
США ...эСША+А. притом что эСША+А. явно были в...
СССР ...материальном отношении сильнее эСэСэС+эР. это ничего бы...
КПСС ...изменило Потому что КаПээС+эС. обладала механизмами позволяющими...
КПСС ...интересам этого народа КаПээС+эС. не располагала Не...
КПСС ...располагала Не обладала КаПээС+эС. и механизмами позволяющими...
США ...вождя на сторону эСША+А. Но предположим что...
КПСС ...Но предположим что КаПээС+эС. дала стране важной...
СССР ...стране важной для эСэСэС+эР. очень крупные деньги...
КПСС ...часть денег переданных КаПээС+эС. под общенациональные цели...
США ...в банки подконтрольные эСША+А. Шила в мешке...
США ...не утаишь Представители эСША+А. приходят к вождю...
СССР ...станет известно в эСэСэС+эР. Может быть у...
США ...территории подконтрольной Западу эСША+А. Любая такая покупка...
СССР ...средств Итак либо эСэСэС+эР. играет на духовной...
США ...даже более чем эСША+А. А в деле...
КПСС ...советских противников Вывод КаПээС+эС. не только из...
КПСС ...на XXII съезде КаПээС+эС. что коммунисты твердо...
КПСС ...первоочередных материальных проблем КаПээС+эС. усложняет идеологию и...
КПСС ...на XXII съезде КаПээС+эС. когда каждое слово...
СССР ...того рядовые граждане эСэСэС+эР. не отказались от...
КПСС ...на XXII съезде КаПээС+эС. Съезде так и...
КПСС ...на XX съезде КаПээС+эС. создало чудовищную травму...
СССР ...именно молились на эСэСэС+эР. Но XX съезд...
КПСС ...Кто у руля КаПээС+эС. вдохновитель и организатор...
КПСС ...определяется тем что КаПээС+эС. обладает передовым марксистско...
КПСС ...развивает это учение КаПээС+эС. мировоззренческая кузница в...
КПСС ...драгоценен марксизм ленинизм КаПээС+эС. обладая колоссальными возможностями...
КПСС ...бесценный дар У КаПээС+эС. есть для этого...
КПСС ...а в созданных КаПээС+эС. великолепных научных центрах...
КПСС ...Храма который построила КаПээС+эС. дабы вечно горел...
КПСС ...И передавалась от КаПээС+эС. советскому народу и...
КПСС ...человечеству Слава великой КаПээС+эС. Никакого преувеличения в...
КПСС ...держится Красная церковь КаПээС+эС. обладающая всем чем...
КПСС ...и не только КаПээС+эС. это и ослабленный...
КПСС ...научной веры позволяют КаПээС+эС. держать под своим...
КПСС ...она теократия И КаПээС+эС. как обладательница передового...
КПСС ...на XXII съезде КаПээС+эС. Первый краеугольный принцип...
КПСС ...коммунизма XXII съезд КаПээС+эС. Программа построения коммунизма...
СССР ...построения коммунизма в эСэСэС+эР. к году Партия...
КПСС ...заявление XXII съезда КаПээС+эС. о построении коммунизма...
СССР ...именно коммунизма в эСэСэС+эР. то есть в...
КПСС ...на XXII съезд КаПээС+эС. имели за плечами...
КПСС ...Закрытие XXII съезда КаПээС+эС. XXII съезд КаПээС+эС....
КПСС ...КаПээС+эС. XXII съезд КаПээС+эС. В первом ряду...
КПСС ...делегатов XXII съезда КаПээС+эС. Фото эРИИА+А. Новости...
РИА ...съезда КаПээС+эС. Фото эРИИА+А. Новости Либо элита...
КПСС ...де факто элита КаПээС+эС. Но есть ведь...
ЦК ...элита элит Члены ЦэК+а. КаПээС+эС. Высший партийный...
КПСС ...элит Члены ЦэК+а. КаПээС+эС. Высший партийный аппарат...
ЦК ...аппарат Идеологический отдел ЦэК+а. КаПээС+эС. Институт марксизма...
КПСС ...Идеологический отдел ЦэК+а. КаПээС+эС. Институт марксизма ленинизма...
СССР ...в отдельно взятом эСэСэС+эР. при сохранении и...
СССР ...именуемого построением в эСэСэС+эР. коммунистического и именно...
СССР ...в отдельно взятом эСэСэС+эР. Стоп Но каково...
СССР ...к му в эСэСэС+эР. Подо что мобилизуем...
СССР ...что мобилизуем граждан эСэСэС+эР. А ведь ясно...
СССР ...мобилизационный энтузиазм Граждане эСэСэС+эР. напряженно трудятся За...
КПСС ...необходимыми мобилизационными характеристиками КаПээС+эС. на XXII съезде...
КПСС ...то там съезда КаПээС+эС. Они может быть...
КПСС ...быть относятся к КаПээС+эС. хорошо А может...
КПСС ...может быть только КаПээС+эС. Ибо источник этих...
КПСС ...мощью Кто кроме КаПээС+эС. обладал и правом...
КПСС ...послания именно от КаПээС+эС. и потому не...
СССР ...построение которого в эСэСэС+эР. к году их...
КПСС ...вот что изобрела КаПээС+эС. Вот к чему...
ГЭС ...Бальтерманц Плотина Братской ГэЭ+эС. г Как бы...
ЦРУ ...о тайных происках ЦээРУ. Таков сотериологический вариант...
КПСС ...рамках сохранять монополию КаПээС+эС. на власть плановую...
КГБ ...журнала TIME Элита КаГэБ+э. повела себя как...
КГБ ...разумное Зацикливание на КаГэБ+э. и его элите...
КПСС ...всё же почему КаПээС+эС. не помешала КаГэБ+э....
КГБ ...КаПээС+эС. не помешала КаГэБ+э. Что произошло с...
КГБ ...ГРУ как конкурентом КаГэБ+э. Что произошло наконец...
КГБ ...товарищи работавшие в КаГэБ+э. эСэСэС+эР. в е...
СССР ...работавшие в КаГэБ+э. эСэСэС+эР. в е е...
СССР ...задолго до краха эСэСэС+эР. Его дежурно произносили...
КПСС ...тает благодаря свершениям КаПээС+эС. торжеству определенного общественно...
КПСС ...Советская система возглавляемая КаПээС+эС. победив в войне...
КПСС ...а очень мощная КаПээС+эС. занятая не только...
КПСС ...всей жизнью страны КаПээС+эС. с ее номенклатурой...
КПСС ...многими разница между КаПээС+эС. советской эпохи и...
РПЦ ...сроки Итак сегодняшняя эРПэЦ+э. во первых идеологически...
КПСС ...управленческое значение А КаПээС+эС. идеологически окормляла всех...
МГБ ...Форме Только бериевское эМГэБ+э. Но бериевское эМГэБ+э....
МГБ ...эМГэБ+э. Но бериевское эМГэБ+э. оно ведь именно...
СССР ...Берия хотел переводить эСэСэС+эР. на рельсы так...
КПСС ...Формы то бишь КаПээС+эС. этого сделать было...
МГБ ...Формой то бишь эМГэБ+э. А это не...
МГБ ...известна Может быть эМГэБ+э. и переведет страну...
КПСС ...нормализации требует подавления КаПээС+эС. и возвышения эМГэБ+э....
МГБ ...КаПээС+эС. и возвышения эМГэБ+э. а совокупный интерес...
МГБ ...что связано с эМГэБ+э. То есть физической...
МГБ ...степени было раздавлено эМГэБ+э. в период с...
КПСС ...замещение брежневско сусловской КаПээС+эС. андроповским КаГэБ+э. Вместо...
КГБ ...сусловской КаПээС+эС. андроповским КаГэБ+э. Вместо этого продление...
МГБ ...его сподвижников разгромом эМГэБ+э. и укреплением КаПээС+эС....
КПСС ...эМГэБ+э. и укреплением КаПээС+эС. задействованной наряду с...
МГБ ...армией для разгрома эМГэБ+э. И на что...
КПСС ...на XXII съезде КаПээС+эС. Этот шаг я...
КПСС ...Десять миллионов членов КаПээС+эС. двадцать миллионов Все...
КПСС ...через вступление в КаПээС+эС. Хочешь стать завмагом...
КПСС ...Милости просим в КаПээС+эС. Шестой шаг утверждение...
КГБ ...укоренение Андропова в КаГэБ+э. Уже стерта даже...
КПСС ...смысла лишена полностью КаПээС+эС. нельзя обязать не...
КПСС ...Так что свести КаПээС+эС. на нет невозможно...
КПСС ...Контроль за элитой КаПээС+эС. расправа над элитой...
КПСС ...расправа над элитой КаПээС+эС. вот основная функция...
СССР ...характер Тут что эСэСэС+эР. что Российская империя...
КПСС ...А вот за КаПээС+эС. которой как никак...
ГУЛАГ ...воронки расстрелы пытки ГэУэЛААГ+э. На что это...
КПСС ...характер Итак для КаПээС+эС. расправа над Берией...
КПСС ...укорачивание органов Номенклатура КаПээС+эС. хочет одного чтобы...
КГБ ...В Андропова председателем КаГэБ+э. эСэСэС+эР. всё это...
СССР ...Андропова председателем КаГэБ+э. эСэСэС+эР. всё это могло...
США ...Европе и в эСША+А. и в том...
КПСС ...мобилизационного существования которое КаПээС+эС. должна обеспечивать Подчеркиваю...
КПСС ...форма Мобилизация содержание КаПээС+эС. в позднесоветское время...
КПСС ...большей степени шарахается КаПээС+эС. от мобилизации как...
КПСС ...новую мобилизацию в КаПээС+эС. как ее безальтернативный...
КПСС ...бы Берия разгромив КаПээС+эС. и предъявив обществу...
КГБ ...жизнь В советском КаГэБ+э. было Первое главное...
ГДР ...Или даже в ГэДэ+эР. И видит что...
КПСС ...фундаментальное зло нужна КаПээС+эС. как вдохновитель всего...
КГБ ...Первое Главное управление КаГэБ+э. эСэСэС+эР. Явление согласитесь...
СССР ...Главное управление КаГэБ+э. эСэСэС+эР. Явление согласитесь не...
СССР ...поработавший на разрушение эСэСэС+эР. дискредитацию коммунизма и...
СССР ...в дело развала эСэСэС+эР. Когда эСэСэС+эР. развалился...
СССР ...развала эСэСэС+эР. Когда эСэСэС+эР. развалился Зиновьев взвыл...
СССР ...Он то проклинал эСэСэС+эР. то проклинал Запад...
СССР ...конкурирующее жизнеустройство и эСэСэС+эР. как геополитического конкурента...
НАТО ...как нечто конкретное эНААТэО+О. готовится к удару...
США ...Израиль требует от эСША+А. удара по Ирану...
США ...гуру Демократической партии эСША+А. Збигнев Бжезинский и...
США ...гуру Республиканской партии эСША+А. Генри Киссинджер заявляют...
США ...А руководители спецслужб эСША+А. подписавшие доклад в...
США ...новый мир Элита эСША+А. объективирует происходящее Мол...
США ...Та же элита эСША+А. Она не понимает...
СССР ...хотят силы уничтожившие эСэСэС+эР. и коммунизм И...
СССР ...до встречи в эСэСэС+эР. Приложение Суд времени...
СССР ...Присоединение Прибалтики к эСэСэС+эР. проигрыш или выигрыш...
ГКЧП ...cat id стенограмма ГэКаЧэП+э. года путч или...
СССР ...необходимая передышка для эСэСэС+эР. http rutube ru...
ГКЧП ...от Корнилова до ГэКаЧэП+э. Кургинян Сванидзе http...
КПРФ ...Материалы круглого стола КаПээР+эФ. Правда декабря http...
ТВ ...мире насекомых начальники ТэВ+э. и национальные лидеры...
РИА ...по правам человека эРИИА+А. Новости http ria...
ОБСЕ ...Резолюция парламентской ассамблеи ООБээСЕ. О воссоединении разделенной...
ОБСЕ ...свобод в регионе ООБээСЕ. в XXI веке...
СССР ...октября года Ленинград эСэСэС+эР. советский и российский...
ВКПБ ...коммунистической партии большевиков ВэКаПэБ+э. источн Википедия прим...
СССР ...из Генеральных конструкторов эСэСэС+эР. специалист по системам...
КПСС ...знаком лично Член КаПээС+эС. исключался восстановлен в...
КПСС ...к очередному съезду КаПээС+эС. обращались академики В...
СССР ...тремя академиками АН эСэСэС+эР. В М Глушковым...
США ...ряда современных философов эСША+А. Канады Финляндии и...
СССР ...органов государственной безопасности эСэСэС+эР. участник Великой Отечественной...
КГБ ...Начальник го управления КаГэБ+э. эСэСэС+эР. заместитель председателя...
СССР ...го управления КаГэБ+э. эСэСэС+эР. заместитель председателя КаГэБ+э....
КГБ ...эСэСэС+эР. заместитель председателя КаГэБ+э. эСэСэС+эР. первый заместитель...
СССР ...заместитель председателя КаГэБ+э. эСэСэС+эР. первый заместитель председателя...
КГБ ...первый заместитель председателя КаГэБ+э. эСэСэС+эР. Генерал армии...
СССР ...заместитель председателя КаГэБ+э. эСэСэС+эР. Генерал армии Депутат...
РСФСР ...Депутат Верховного Совета эРэСэФэС+эР. созыва Народный депутат...
РСФСР ...созыва Народный депутат эРэСэФэС+эР. в годах Член...
ЦК ...в годах Член ЦэК+а. КаПээС+эС. в годах...
КПСС ...годах Член ЦэК+а. КаПээС+эС. в годах доп...
РСФСР ...империя мая Москва эРэСэФэС+эР. эСэСэС+эР. финский российский...
СССР ...мая Москва эРэСэФэС+эР. эСэСэС+эР. финский российский и...
СССР ...академик Академии наук эСэСэС+эР. всеобщая история премьер...
ССР ...Совета Карело Финской эСэС+эР. в годах Герой...
СССР ...после В посетил эСэСэС+эР. в рамках Всемирного...
МГУ ...поступил в аспирантуру эМГэУ. научный руководитель А...
РФ ...заслуженный деятель науки эР+эФ. главный редактор журнала...
НИИ ...В научный сотрудник эНИИИ+И. Минобороны эСэСэС+эР. в...
СССР ...сотрудник эНИИИ+И. Минобороны эСэСэС+эР. в Калинине народный...
СССР ...Калинине народный депутат эСэСэС+эР. Скоков оказался незаменимым...
РСФСР ...совета при Президенте эРэСэФэС+эР. С сентября года...
РСФСР ...года Государственный советник эРэСэФэС+эР. сентября года апреля...
РСФСР ...года помощник Президента эРэСэФэС+эР. по вопросам создания...
РСФСР ...системы Совета безопасности эРэСэФэС+эР. В году его...
РФ ...конфликт с президентом эР+эФ. отказавшись завизировать проект...
РФ ...действовавшей тогда Конституции эР+эФ. приостановку деятельности Верховного...
РФ ...деятельности Верховного Совета эР+эФ. В результате был...
РФ ...секретаря Совета Безопасности эР+эФ. В октябре года...
ВВ ...назначения ОБОН ЦРК ВэВ+э. эМВэД+э. России Перестройка...
МВД ...ОБОН ЦРК ВэВ+э. эМВэД+э. России Перестройка прокатившаяся...
СССР ...в г Правительством эСэСэС+эР. было принято решение...
ВВ ...Софрино учебного полка ВэВ+э. эМВэД+э. эСэСэС+эР. декабря...
МВД ...учебного полка ВэВ+э. эМВэД+э. эСэСэС+эР. декабря года...
СССР ...полка ВэВ+э. эМВэД+э. эСэСэС+эР. декабря года молодые...

