СССР ...версию причин распада эСэСэС+эР в связи с...
АР ...Крыма к России АР Photo Vadim Ghirda...
ТВ ...на участие в ТэВ+э проектах коль скоро...
МГУ ...дипломом факультет журналистики эМГэУ им Ломоносова Шеф...
ТЭФИ ...Академии российского телевидения ТЭФИ четырехкратный лауреат премии...
РЕН ...Медиа Группа включает РЕН ТэВ+э Первый канал...
НТВ ...Гусинский основал телеканалы эНТэВ+э ТээНТ+э был соучредителем...
ТНТ ...основал телеканалы эНТэВ+э ТээНТ+э был соучредителем газет...
РГГУ ...журналистики Института массмедиа эРГэГ+эУ ведущий ряда программ...
КПРФ ...Материалы круглого стола КаПээР+эФ Правда декабря http...
РИА ...по правам человека РИА Новости http ria...
ГУЛАГи ...Возникают соответствующие страны ГУЛАГи А Троицкий рок...
ГУЛАГ ...желании в единый ГУЛАГ можно превратить всё...
ГУЛАГе ...как оказаться в ГУЛАГе и во время...
ОБСЕ ...Резолюция парламентской ассамблеи ОБээСЕ О воссоединении разделенной...
НИУ ...и мировой политики НИУ ВэШЭ Передача Суд...
ВШЭ ...мировой политики НИУ ВэШЭ Передача Суд времени...
РФ ...десоветизации большинства населения эР+эФ Вдруг оказалось что...
ЦК ...Став Генеральным секретарем ЦэК+а КаПээС+эС Горбачев получил...
КПСС ...Генеральным секретарем ЦэК+а КаПээС+эС Горбачев получил возможность...
ООН ...членов Совета Безопасности ООН Между прочим кем...
ИНСОР ...Института современного развития ИэНэСО+эР Профессор Высшей школы...
ГУ ...Высшей школы экономики ГУ ВэШЭ Член Общественной...
США ...Запада то бишь эСША И тут сходство...
МВД ...Чего стоит реформа эМВэД+э Типичное гобрачевское сочетание...
РПЦ ...Единой России и эРПэЦ+э Пятнадцатый горбик борьба...
РСФСР ...Распутин предложивший выход эРэСэФэС+эР из эСэСэС+эР что...
НАТО ...военного блока блока НАТО Ливию оккупировали Каддафи...
ГКЧП ...года Пресс конференция ГэКаЧэП+э Слева направо Б...
ВКПБ ...коммунистической партии большевиков ВэКаПэБ+э источн Википедия прим...
МГК ...Политбюро первый секретарь эМГэК+а КаПээС+эС Юрий Прокофьев...
ЭТЦ ...часть сотрудников моего ЭТэЦ+э сделали мне ручкой...
ФНС ...многих ибо в эФэН+эС входили и русские...
ГДР ...всего конечно же ГэДэ+эР Но и не...
КГБ ...была возложена на КаГэБ+э эСэСэС+эР Разумеется наряду...
МГПИ ...Научно исследовательском секторе эМГэП+эИ им В И...
СПУ ...создается хозрасчётный Сектор эСПэУ сетевое планирование и...
ЛаСУРс ...в г в эЛа+эСУРс Лабораторию систем управления...
АН ...году тремя академиками АН эСэСэС+эР В М...
МГРИ ...мне секретарь парткома эМГэ+эРИ поясняя что мой...
ВЛКСМ ...и в ЦэК+а ВээЛКаэС+эМ он занимает не...
ПМЖ ...заявляет Судленкова Н ПээМЖ+э для ревизора Сайт...
ИА ...Я планировал жертвы ИА REGNUM https regnum...
ГРУ ...обращения кадровый агент ГээРУ и доверенное лицо...
ФДР ...т н правительства эФДэ+эР во время советско...
ССР ...Совета Карело Финской эСэС+эР в годах Герой...
ОПОЯЗа ...Шварца труды представителей ОПОЯЗа В Проппа Бахтина...
ВКП ...советский писатель Член ВэКаП+э б с года...
ИСТИНА ...и науковедческого анализа ИэСТэИэНА С года член...
НИИ ...В научный сотрудник НИИ Минобороны эСэСэС+эР в...
ОАО ...предприниматель генеральный директор ОАО Тишинка с года...
ФСБ ...ему главе московской эФэСБ+э Евгению Севастьянову приехали...
ЗАО ...преседателъ Совета директоров ЗАО КРОС Комитет развития...
КРОС ...Совета директоров ЗАО КРОС Комитет развития общественных...
РЕК ...Российского еврейского конгресса РЕК вице президентом Всемирного...
ВЕК ...Всемирного еврейского конгресса ВЕК Ведь Бобков не...
ЗИФ ...Д Е М ЗИФ http knigosite org...
ЕБН ...поднимать для свержения ЕБэ+эН Кто ты такой...
ЦРУ ...семьи Бушей директору ЦээРУ при Буше старшем...
РАЕН ...наук профессор академик РАЕН специалист в области...
РАО ...профессор действительный член РАО Автор открытия Т...
ГКПЧ ...Какова мера законности ГэКаПэЧ+э Чем эта мера...
БМП ...к танкам и БээМП+э К этим очевидностям...
ОБОН ...бригада оперативного назначения ОБОН ЦээРК+а ВэВ+э эМВэД+э...
ЦРК ...оперативного назначения ОБОН ЦээРК+а ВэВ+э эМВэД+э России...
ВВ ...назначения ОБОН ЦээРК+а ВэВ+э эМВэД+э России Перестройка...
ОБрОН ...бывший командир ой ОБэрО+эН генерал майор Симачков...
РПГ ...умереть два десятка эРПэГ+э несколько эСПэГ+э необходимый...
СПГ ...десятка эРПэГ+э несколько эСПэГ+э необходимый боекомплект простейшая...
ОМОН ...Защитники Дома Советов ОМОН сосредотачивается Фото ИА...
ОМОНа ...площади прорвавшие оцепление ОМОНа у Крымского моста...
ТЦ ...по людям у ТэЦ+э Останкино Бойцы спецназа...
ЛДПР ...в декабре завоевала эЛДэПэ+эР Жириновского Но второе...
ЦЭМИ ...пригласил меня в ЦЭМИ на встречу Зюганова...
ПОЧЕМУ ...самый главный вопрос ПОЧЕМУ ты не захотел...
САТИСФАКЦИЯ ...и метафизическую сатисфакцию САТИСФАКЦИЯ лат satisfactio удовлетворение...
ГЭС ...Бальтерманц Плотина Братской ГЭС г Как бы...
МГБ ...Форме Только бериевское эМГэБ+э Но бериевское эМГэБ+э...
ПГУ ...патриотизм Пэгэушный от ПэГэУ Первое Главное управление...
ВПК ...cat id стенограмма ВэПэК+а бездумное расточительство или...

