АН
АР
БМП
ВВ
ВЕК
ВКП
ВКПБ
ВЛКСМ
ВПК
ВШЭ
ГДР
ГКПЧ
ГКЧП
ГРУ
ГУ
ГУЛАГ
ГУЛАГе
ГУЛАГи
ГЭС
ЕБН
ЗАО
ЗИФ
ИА
ИНСОР
ИСТИНА
КГБ
КПРФ
КПСС
КРОС
ЛДПР
ЛаСУРс
МВД
МГБ
МГК
МГПИ
МГРИ
МГУ
НАТО
НИИ
НИУ
НТВ
ОАО
ОБОН
ОБСЕ
ОБрОН
ОМОН
ОМОНа
ООН
ОПОЯЗа
ПГУ
ПМЖ
ПОЧЕМУ
РАЕН
РАО
РГГУ
РЕК
РЕН
РИА
РПГ
РПЦ
РСФСР
РФ
САТИСФАКЦИЯ
СПГ
СПУ
ССР
СССР
США
ТВ
ТНТ
ТЦ
ТЭФИ
ФДР
ФНС
ФСБ
ЦК
ЦРК
ЦРУ
ЦЭМИ
ЭТЦ
